2026-09-02 16:56:21.189: [INFO] CurrentProfilePath: D:\cdac\AdJava\.metadata\.plugins\org.eclipse.swt\EBWebView\Default
2026-09-02 16:56:21.189: [INFO] Profiles total count: 1
2026-09-02 16:56:21.189: [INFO] Profile: name=Profile 1 path=D:\cdac\AdJava\.metadata\.plugins\org.eclipse.swt\EBWebView\Default lastActive=null
2026-09-02 16:56:21.189: [INFO] LastUsedProfileDir: D:\cdac\AdJava\.metadata\.plugins\org.eclipse.swt\EBWebView\Default
2026-09-02 16:56:21.189: [INFO] OnDoneLoading sync enabled: 0
2026-09-02 16:56:21.189: [INFO] BookmarkModelLoaded, ids_reassigned: 0
2026-09-02 16:56:21.189: [INFO] BookmarksLoadDropped droppedNodes=0
2026-09-02 16:56:21.189: [INFO] BookmarksSnapshot Startup total=0 bar=0 other=0 mobile=0 showBar=0 showBarNTP=1
2026-09-02 16:56:27.626: [INFO] BookmarksSnapshot Shutdown total=0 bar=0 other=0 mobile=0 showBar=0 showBarNTP=1
2026-09-02 16:56:31.622: [INFO] CurrentProfilePath: D:\cdac\AdJava\.metadata\.plugins\org.eclipse.swt\EBWebView\Default
2026-09-02 16:56:31.622: [INFO] Profiles total count: 1
2026-09-02 16:56:31.623: [INFO] Profile: name=Profile 1 path=D:\cdac\AdJava\.metadata\.plugins\org.eclipse.swt\EBWebView\Default lastActive=2026-09-02T16:56:26.174Z
2026-09-02 16:56:31.623: [INFO] LastUsedProfileDir: D:\cdac\AdJava\.metadata\.plugins\org.eclipse.swt\EBWebView\Default
2026-09-02 16:56:31.623: [INFO] MostRecentlyActiveProfile: name=Profile 1 path=D:\cdac\AdJava\.metadata\.plugins\org.eclipse.swt\EBWebView\Default lastActive=2026-09-02T16:56:26.174Z
2026-09-02 16:56:31.623: [INFO] OnDoneLoading sync enabled: 0
2026-09-02 16:56:31.623: [INFO] BookmarkModelLoaded, ids_reassigned: 0
2026-09-02 16:56:31.623: [INFO] BookmarksLoadDropped droppedNodes=0
2026-09-02 16:56:31.623: [INFO] BookmarksSnapshot Startup total=0 bar=0 other=0 mobile=0 showBar=0 showBarNTP=1
2026-09-02 17:03:16.345: [INFO] BookmarksSnapshot Shutdown total=0 bar=0 other=0 mobile=0 showBar=0 showBarNTP=1
2026-09-02 17:06:17.896: [INFO] CurrentProfilePath: D:\cdac\AdJava\.metadata\.plugins\org.eclipse.swt\EBWebView\Default
2026-09-02 17:06:17.896: [INFO] Profiles total count: 1
2026-09-02 17:06:17.896: [INFO] Profile: name=Profile 1 path=D:\cdac\AdJava\.metadata\.plugins\org.eclipse.swt\EBWebView\Default lastActive=2026-09-02T17:03:32.406Z
2026-09-02 17:06:17.896: [INFO] LastUsedProfileDir: D:\cdac\AdJava\.metadata\.plugins\org.eclipse.swt\EBWebView\Default
2026-09-02 17:06:17.896: [INFO] MostRecentlyActiveProfile: name=Profile 1 path=D:\cdac\AdJava\.metadata\.plugins\org.eclipse.swt\EBWebView\Default lastActive=2026-09-02T17:03:32.406Z
2026-09-02 17:06:17.896: [INFO] OnDoneLoading sync enabled: 0
2026-09-02 17:06:17.896: [INFO] BookmarkModelLoaded, ids_reassigned: 0
2026-09-02 17:06:17.896: [INFO] BookmarksLoadDropped droppedNodes=0
2026-09-02 17:06:17.896: [INFO] BookmarksSnapshot Startup total=0 bar=0 other=0 mobile=0 showBar=0 showBarNTP=1
2026-09-02 18:15:47.756: [INFO] BookmarksSnapshot Shutdown total=0 bar=0 other=0 mobile=0 showBar=0 showBarNTP=1
2026-09-04 17:34:27.742: [INFO] CurrentProfilePath: D:\cdac\AdJava\.metadata\.plugins\org.eclipse.swt\EBWebView\Default
2026-09-04 17:34:27.742: [INFO] Profiles total count: 1
2026-09-04 17:34:27.742: [INFO] Profile: name=Profile 1 path=D:\cdac\AdJava\.metadata\.plugins\org.eclipse.swt\EBWebView\Default lastActive=2026-09-02T17:03:32.406Z
2026-09-04 17:34:27.742: [INFO] LastUsedProfileDir: D:\cdac\AdJava\.metadata\.plugins\org.eclipse.swt\EBWebView\Default
2026-09-04 17:34:27.742: [INFO] MostRecentlyActiveProfile: name=Profile 1 path=D:\cdac\AdJava\.metadata\.plugins\org.eclipse.swt\EBWebView\Default lastActive=2026-09-02T17:03:32.406Z
2026-09-04 17:34:27.742: [INFO] OnDoneLoading sync enabled: 0
2026-09-04 17:34:27.742: [INFO] BookmarkModelLoaded, ids_reassigned: 0
2026-09-04 17:34:27.742: [INFO] BookmarksLoadDropped droppedNodes=0
2026-09-04 17:34:27.742: [INFO] BookmarksSnapshot Startup total=0 bar=0 other=0 mobile=0 showBar=0 showBarNTP=1
2026-09-04 18:12:49.535: [INFO] BookmarksSnapshot Shutdown total=0 bar=0 other=0 mobile=0 showBar=0 showBarNTP=1
2026-09-05 13:36:03.009: [INFO] CurrentProfilePath: D:\cdac\AdJava\.metadata\.plugins\org.eclipse.swt\EBWebView\Default
2026-09-05 13:36:03.009: [INFO] Profiles total count: 1
2026-09-05 13:36:03.009: [INFO] Profile: name=Profile 1 path=D:\cdac\AdJava\.metadata\.plugins\org.eclipse.swt\EBWebView\Default lastActive=2026-09-04T17:37:16.592Z
2026-09-05 13:36:03.009: [INFO] LastUsedProfileDir: D:\cdac\AdJava\.metadata\.plugins\org.eclipse.swt\EBWebView\Default
2026-09-05 13:36:03.009: [INFO] MostRecentlyActiveProfile: name=Profile 1 path=D:\cdac\AdJava\.metadata\.plugins\org.eclipse.swt\EBWebView\Default lastActive=2026-09-04T17:37:16.592Z
2026-09-05 13:36:03.009: [INFO] OnDoneLoading sync enabled: 0
2026-09-05 13:36:03.009: [INFO] BookmarkModelLoaded, ids_reassigned: 0
2026-09-05 13:36:03.009: [INFO] BookmarksLoadDropped droppedNodes=0
2026-09-05 13:36:03.009: [INFO] BookmarksSnapshot Startup total=0 bar=0 other=0 mobile=0 showBar=0 showBarNTP=1
2026-09-05 14:37:50.754: [INFO] BookmarksSnapshot Shutdown total=0 bar=0 other=0 mobile=0 showBar=0 showBarNTP=1
2026-09-05 14:43:04.421: [INFO] CurrentProfilePath: D:\cdac\AdJava\.metadata\.plugins\org.eclipse.swt\EBWebView\Default
2026-09-05 14:43:04.422: [INFO] Profiles total count: 1
2026-09-05 14:43:04.422: [INFO] Profile: name=Profile 1 path=D:\cdac\AdJava\.metadata\.plugins\org.eclipse.swt\EBWebView\Default lastActive=2026-09-05T13:36:07.500Z
2026-09-05 14:43:04.422: [INFO] LastUsedProfileDir: D:\cdac\AdJava\.metadata\.plugins\org.eclipse.swt\EBWebView\Default
2026-09-05 14:43:04.422: [INFO] MostRecentlyActiveProfile: name=Profile 1 path=D:\cdac\AdJava\.metadata\.plugins\org.eclipse.swt\EBWebView\Default lastActive=2026-09-05T13:36:07.500Z
2026-09-05 14:43:04.422: [INFO] OnDoneLoading sync enabled: 0
2026-09-05 14:43:04.422: [INFO] BookmarkModelLoaded, ids_reassigned: 0
2026-09-05 14:43:04.422: [INFO] BookmarksLoadDropped droppedNodes=0
2026-09-05 14:43:04.422: [INFO] BookmarksSnapshot Startup total=0 bar=0 other=0 mobile=0 showBar=0 showBarNTP=1
2026-09-05 14:48:51.335: [INFO] BookmarksSnapshot Shutdown total=0 bar=0 other=0 mobile=0 showBar=0 showBarNTP=1
2026-09-06 16:20:58.730: [INFO] CurrentProfilePath: D:\cdac\AdJava\.metadata\.plugins\org.eclipse.swt\EBWebView\Default
2026-09-06 16:20:58.730: [INFO] Profiles total count: 1
2026-09-06 16:20:58.730: [INFO] Profile: name=Profile 1 path=D:\cdac\AdJava\.metadata\.plugins\org.eclipse.swt\EBWebView\Default lastActive=2026-09-05T14:46:34.786Z
2026-09-06 16:20:58.730: [INFO] LastUsedProfileDir: D:\cdac\AdJava\.metadata\.plugins\org.eclipse.swt\EBWebView\Default
2026-09-06 16:20:58.730: [INFO] MostRecentlyActiveProfile: name=Profile 1 path=D:\cdac\AdJava\.metadata\.plugins\org.eclipse.swt\EBWebView\Default lastActive=2026-09-05T14:46:34.786Z
2026-09-06 16:20:58.730: [INFO] OnDoneLoading sync enabled: 0
2026-09-06 16:20:58.730: [INFO] BookmarkModelLoaded, ids_reassigned: 0
2026-09-06 16:20:58.730: [INFO] BookmarksLoadDropped droppedNodes=0
2026-09-06 16:20:58.730: [INFO] BookmarksSnapshot Startup total=0 bar=0 other=0 mobile=0 showBar=0 showBarNTP=1
2026-09-06 18:09:12.278: [INFO] BookmarksSnapshot Shutdown total=0 bar=0 other=0 mobile=0 showBar=0 showBarNTP=1
2026-09-06 18:09:50.703: [INFO] CurrentProfilePath: D:\cdac\AdJava\.metadata\.plugins\org.eclipse.swt\EBWebView\Default
2026-09-06 18:09:50.703: [INFO] Profiles total count: 1
2026-09-06 18:09:50.703: [INFO] Profile: name=Profile 1 path=D:\cdac\AdJava\.metadata\.plugins\org.eclipse.swt\EBWebView\Default lastActive=2026-09-06T18:09:04.900Z
2026-09-06 18:09:50.703: [INFO] LastUsedProfileDir: D:\cdac\AdJava\.metadata\.plugins\org.eclipse.swt\EBWebView\Default
2026-09-06 18:09:50.703: [INFO] MostRecentlyActiveProfile: name=Profile 1 path=D:\cdac\AdJava\.metadata\.plugins\org.eclipse.swt\EBWebView\Default lastActive=2026-09-06T18:09:04.900Z
2026-09-06 18:09:50.703: [INFO] OnDoneLoading sync enabled: 0
2026-09-06 18:09:50.703: [INFO] BookmarkModelLoaded, ids_reassigned: 0
2026-09-06 18:09:50.703: [INFO] BookmarksLoadDropped droppedNodes=0
2026-09-06 18:09:50.703: [INFO] BookmarksSnapshot Startup total=0 bar=0 other=0 mobile=0 showBar=0 showBarNTP=1
2026-09-06 18:24:21.191: [INFO] BookmarksSnapshot Shutdown total=0 bar=0 other=0 mobile=0 showBar=0 showBarNTP=1
2026-09-07 13:54:37.001: [INFO] CurrentProfilePath: D:\cdac\AdJava\.metadata\.plugins\org.eclipse.swt\EBWebView\Default
2026-09-07 13:54:37.001: [INFO] Profiles total count: 1
2026-09-07 13:54:37.001: [INFO] Profile: name=Profile 1 path=D:\cdac\AdJava\.metadata\.plugins\org.eclipse.swt\EBWebView\Default lastActive=2026-09-06T18:09:53.019Z
2026-09-07 13:54:37.001: [INFO] LastUsedProfileDir: D:\cdac\AdJava\.metadata\.plugins\org.eclipse.swt\EBWebView\Default
2026-09-07 13:54:37.001: [INFO] MostRecentlyActiveProfile: name=Profile 1 path=D:\cdac\AdJava\.metadata\.plugins\org.eclipse.swt\EBWebView\Default lastActive=2026-09-06T18:09:53.019Z
2026-09-07 13:54:37.001: [INFO] OnDoneLoading sync enabled: 0
2026-09-07 13:54:37.001: [INFO] BookmarkModelLoaded, ids_reassigned: 0
2026-09-07 13:54:37.001: [INFO] BookmarksLoadDropped droppedNodes=0
2026-09-07 13:54:37.001: [INFO] BookmarksSnapshot Startup total=0 bar=0 other=0 mobile=0 showBar=0 showBarNTP=1
2026-09-07 16:05:26.670: [INFO] BookmarksSnapshot Shutdown total=0 bar=0 other=0 mobile=0 showBar=0 showBarNTP=1
2026-09-08 03:55:16.332: [INFO] CurrentProfilePath: D:\DAC\cdac\AdJava\.metadata\.plugins\org.eclipse.swt\EBWebView\Default
2026-09-08 03:55:16.332: [INFO] Profiles total count: 1
2026-09-08 03:55:16.332: [INFO] Profile: name=Profile 1 path=D:\DAC\cdac\AdJava\.metadata\.plugins\org.eclipse.swt\EBWebView\Default lastActive=2026-09-07T15:50:04.971Z
2026-09-08 03:55:16.332: [INFO] LastUsedProfileDir: D:\DAC\cdac\AdJava\.metadata\.plugins\org.eclipse.swt\EBWebView\Default
2026-09-08 03:55:16.332: [INFO] MostRecentlyActiveProfile: name=Profile 1 path=D:\DAC\cdac\AdJava\.metadata\.plugins\org.eclipse.swt\EBWebView\Default lastActive=2026-09-07T15:50:04.971Z
2026-09-08 03:55:16.332: [INFO] OnDoneLoading sync enabled: 0
2026-09-08 03:55:16.332: [INFO] BookmarkModelLoaded, ids_reassigned: 0
2026-09-08 03:55:16.332: [INFO] BookmarksLoadDropped droppedNodes=0
2026-09-08 03:55:16.332: [INFO] BookmarksSnapshot Startup total=0 bar=0 other=0 mobile=0 showBar=0 showBarNTP=1
2026-09-08 04:39:42.675: [INFO] BookmarksSnapshot Shutdown total=0 bar=0 other=0 mobile=0 showBar=0 showBarNTP=1
2026-09-08 14:29:17.598: [INFO] CurrentProfilePath: D:\cdac\AdJava\.metadata\.plugins\org.eclipse.swt\EBWebView\Default
2026-09-08 14:29:17.598: [INFO] Profiles total count: 1
2026-09-08 14:29:17.598: [INFO] Profile: name=Profile 1 path=D:\cdac\AdJava\.metadata\.plugins\org.eclipse.swt\EBWebView\Default lastActive=2026-09-07T15:50:04.971Z
2026-09-08 14:29:17.598: [INFO] LastUsedProfileDir: D:\cdac\AdJava\.metadata\.plugins\org.eclipse.swt\EBWebView\Default
2026-09-08 14:29:17.598: [INFO] MostRecentlyActiveProfile: name=Profile 1 path=D:\cdac\AdJava\.metadata\.plugins\org.eclipse.swt\EBWebView\Default lastActive=2026-09-07T15:50:04.971Z
2026-09-08 14:29:17.598: [INFO] OnDoneLoading sync enabled: 0
2026-09-08 14:29:17.598: [INFO] BookmarkModelLoaded, ids_reassigned: 0
2026-09-08 14:29:17.598: [INFO] BookmarksLoadDropped droppedNodes=0
2026-09-08 14:29:17.598: [INFO] BookmarksSnapshot Startup total=0 bar=0 other=0 mobile=0 showBar=0 showBarNTP=1
2026-09-08 14:29:54.548: [INFO] BookmarksSnapshot Shutdown total=0 bar=0 other=0 mobile=0 showBar=0 showBarNTP=1
2026-09-08 14:30:34.410: [INFO] CurrentProfilePath: D:\cdac\AdJava\.metadata\.plugins\org.eclipse.swt\EBWebView\Default
2026-09-08 14:30:34.410: [INFO] Profiles total count: 1
2026-09-08 14:30:34.410: [INFO] Profile: name=Profile 1 path=D:\cdac\AdJava\.metadata\.plugins\org.eclipse.swt\EBWebView\Default lastActive=2026-09-07T15:50:04.971Z
2026-09-08 14:30:34.410: [INFO] LastUsedProfileDir: D:\cdac\AdJava\.metadata\.plugins\org.eclipse.swt\EBWebView\Default
2026-09-08 14:30:34.410: [INFO] MostRecentlyActiveProfile: name=Profile 1 path=D:\cdac\AdJava\.metadata\.plugins\org.eclipse.swt\EBWebView\Default lastActive=2026-09-07T15:50:04.971Z
2026-09-08 14:30:34.410: [INFO] OnDoneLoading sync enabled: 0
2026-09-08 14:30:34.410: [INFO] BookmarkModelLoaded, ids_reassigned: 0
2026-09-08 14:30:34.410: [INFO] BookmarksLoadDropped droppedNodes=0
2026-09-08 14:30:34.410: [INFO] BookmarksSnapshot Startup total=0 bar=0 other=0 mobile=0 showBar=0 showBarNTP=1
2026-09-08 14:31:17.382: [INFO] BookmarksSnapshot Shutdown total=0 bar=0 other=0 mobile=0 showBar=0 showBarNTP=1
2026-09-08 14:31:52.813: [INFO] CurrentProfilePath: D:\cdac\AdJava\.metadata\.plugins\org.eclipse.swt\EBWebView\Default
2026-09-08 14:31:52.813: [INFO] Profiles total count: 1
2026-09-08 14:31:52.813: [INFO] Profile: name=Profile 1 path=D:\cdac\AdJava\.metadata\.plugins\org.eclipse.swt\EBWebView\Default lastActive=2026-09-08T14:31:15.824Z
2026-09-08 14:31:52.813: [INFO] LastUsedProfileDir: D:\cdac\AdJava\.metadata\.plugins\org.eclipse.swt\EBWebView\Default
2026-09-08 14:31:52.813: [INFO] MostRecentlyActiveProfile: name=Profile 1 path=D:\cdac\AdJava\.metadata\.plugins\org.eclipse.swt\EBWebView\Default lastActive=2026-09-08T14:31:15.824Z
2026-09-08 14:31:52.813: [INFO] OnDoneLoading sync enabled: 0
2026-09-08 14:31:52.813: [INFO] BookmarkModelLoaded, ids_reassigned: 0
2026-09-08 14:31:52.813: [INFO] BookmarksLoadDropped droppedNodes=0
2026-09-08 14:31:52.813: [INFO] BookmarksSnapshot Startup total=0 bar=0 other=0 mobile=0 showBar=0 showBarNTP=1
2026-09-08 19:11:28.540: [INFO] BookmarksSnapshot Shutdown total=0 bar=0 other=0 mobile=0 showBar=0 showBarNTP=1
2026-09-08 19:17:08.055: [INFO] CurrentProfilePath: D:\cdac\AdJava\.metadata\.plugins\org.eclipse.swt\EBWebView\Default
2026-09-08 19:17:08.056: [INFO] Profiles total count: 1
2026-09-08 19:17:08.056: [INFO] Profile: name=Profile 1 path=D:\cdac\AdJava\.metadata\.plugins\org.eclipse.swt\EBWebView\Default lastActive=2026-09-08T14:38:38.612Z
2026-09-08 19:17:08.056: [INFO] LastUsedProfileDir: D:\cdac\AdJava\.metadata\.plugins\org.eclipse.swt\EBWebView\Default
2026-09-08 19:17:08.056: [INFO] MostRecentlyActiveProfile: name=Profile 1 path=D:\cdac\AdJava\.metadata\.plugins\org.eclipse.swt\EBWebView\Default lastActive=2026-09-08T14:38:38.612Z
2026-09-08 19:17:08.056: [INFO] OnDoneLoading sync enabled: 0
2026-09-08 19:17:08.056: [INFO] BookmarkModelLoaded, ids_reassigned: 0
2026-09-08 19:17:08.056: [INFO] BookmarksLoadDropped droppedNodes=0
2026-09-08 19:17:08.056: [INFO] BookmarksSnapshot Startup total=0 bar=0 other=0 mobile=0 showBar=0 showBarNTP=1
2026-09-08 19:28:30.823: [INFO] BookmarksSnapshot Shutdown total=0 bar=0 other=0 mobile=0 showBar=0 showBarNTP=1
2026-09-10 16:44:18.490: [INFO] CurrentProfilePath: D:\cdac\AdJava\.metadata\.plugins\org.eclipse.swt\EBWebView\Default
2026-09-10 16:44:18.491: [INFO] Profiles total count: 1
2026-09-10 16:44:18.491: [INFO] Profile: name=Profile 1 path=D:\cdac\AdJava\.metadata\.plugins\org.eclipse.swt\EBWebView\Default lastActive=2026-09-08T19:17:22.584Z
2026-09-10 16:44:18.491: [INFO] LastUsedProfileDir: D:\cdac\AdJava\.metadata\.plugins\org.eclipse.swt\EBWebView\Default
2026-09-10 16:44:18.491: [INFO] MostRecentlyActiveProfile: name=Profile 1 path=D:\cdac\AdJava\.metadata\.plugins\org.eclipse.swt\EBWebView\Default lastActive=2026-09-08T19:17:22.584Z
2026-09-10 16:44:18.491: [INFO] OnDoneLoading sync enabled: 0
2026-09-10 16:44:18.491: [INFO] BookmarkModelLoaded, ids_reassigned: 0
2026-09-10 16:44:18.491: [INFO] BookmarksLoadDropped droppedNodes=0
2026-09-10 16:44:18.491: [INFO] BookmarksSnapshot Startup total=0 bar=0 other=0 mobile=0 showBar=0 showBarNTP=1
2026-09-10 18:19:43.926: [INFO] BookmarksSnapshot Shutdown total=0 bar=0 other=0 mobile=0 showBar=0 showBarNTP=1
2026-09-13 17:59:31.139: [INFO] CurrentProfilePath: D:\cdac\AdJava\.metadata\.plugins\org.eclipse.swt\EBWebView\Default
2026-09-13 17:59:31.139: [INFO] Profiles total count: 1
2026-09-13 17:59:31.139: [INFO] Profile: name=Profile 1 path=D:\cdac\AdJava\.metadata\.plugins\org.eclipse.swt\EBWebView\Default lastActive=2026-09-10T17:17:12.635Z
2026-09-13 17:59:31.139: [INFO] LastUsedProfileDir: D:\cdac\AdJava\.metadata\.plugins\org.eclipse.swt\EBWebView\Default
2026-09-13 17:59:31.139: [INFO] MostRecentlyActiveProfile: name=Profile 1 path=D:\cdac\AdJava\.metadata\.plugins\org.eclipse.swt\EBWebView\Default lastActive=2026-09-10T17:17:12.635Z
2026-09-13 17:59:31.139: [INFO] OnDoneLoading sync enabled: 0
2026-09-13 17:59:31.139: [INFO] BookmarkModelLoaded, ids_reassigned: 0
2026-09-13 17:59:31.139: [INFO] BookmarksLoadDropped droppedNodes=0
2026-09-13 17:59:31.139: [INFO] BookmarksSnapshot Startup total=0 bar=0 other=0 mobile=0 showBar=0 showBarNTP=1
2026-09-13 18:04:28.661: [INFO] BookmarksSnapshot Shutdown total=0 bar=0 other=0 mobile=0 showBar=0 showBarNTP=1
2026-09-13 18:09:53.746: [INFO] CurrentProfilePath: D:\cdac\AdJava\.metadata\.plugins\org.eclipse.swt\EBWebView\Default
2026-09-13 18:09:53.746: [INFO] Profiles total count: 1
2026-09-13 18:09:53.746: [INFO] Profile: name=Profile 1 path=D:\cdac\AdJava\.metadata\.plugins\org.eclipse.swt\EBWebView\Default lastActive=2026-09-13T18:04:28.604Z
2026-09-13 18:09:53.746: [INFO] LastUsedProfileDir: D:\cdac\AdJava\.metadata\.plugins\org.eclipse.swt\EBWebView\Default
2026-09-13 18:09:53.746: [INFO] MostRecentlyActiveProfile: name=Profile 1 path=D:\cdac\AdJava\.metadata\.plugins\org.eclipse.swt\EBWebView\Default lastActive=2026-09-13T18:04:28.604Z
2026-09-13 18:09:53.746: [INFO] OnDoneLoading sync enabled: 0
2026-09-13 18:09:53.746: [INFO] BookmarkModelLoaded, ids_reassigned: 0
2026-09-13 18:09:53.746: [INFO] BookmarksLoadDropped droppedNodes=0
2026-09-13 18:09:53.746: [INFO] BookmarksSnapshot Startup total=0 bar=0 other=0 mobile=0 showBar=0 showBarNTP=1
2026-09-13 18:10:25.549: [INFO] BookmarksSnapshot Shutdown total=0 bar=0 other=0 mobile=0 showBar=0 showBarNTP=1
2026-09-13 18:11:02.204: [INFO] CurrentProfilePath: D:\cdac\AdJava\.metadata\.plugins\org.eclipse.swt\EBWebView\Default
2026-09-13 18:11:02.204: [INFO] Profiles total count: 1
2026-09-13 18:11:02.204: [INFO] Profile: name=Profile 1 path=D:\cdac\AdJava\.metadata\.plugins\org.eclipse.swt\EBWebView\Default lastActive=2026-09-13T18:04:28.604Z
2026-09-13 18:11:02.204: [INFO] LastUsedProfileDir: D:\cdac\AdJava\.metadata\.plugins\org.eclipse.swt\EBWebView\Default
2026-09-13 18:11:02.204: [INFO] MostRecentlyActiveProfile: name=Profile 1 path=D:\cdac\AdJava\.metadata\.plugins\org.eclipse.swt\EBWebView\Default lastActive=2026-09-13T18:04:28.604Z
2026-09-13 18:11:02.204: [INFO] OnDoneLoading sync enabled: 0
2026-09-13 18:11:02.204: [INFO] BookmarkModelLoaded, ids_reassigned: 0
2026-09-13 18:11:02.204: [INFO] BookmarksLoadDropped droppedNodes=0
2026-09-13 18:11:02.204: [INFO] BookmarksSnapshot Startup total=0 bar=0 other=0 mobile=0 showBar=0 showBarNTP=1
2026-09-13 18:11:39.072: [INFO] BookmarksSnapshot Shutdown total=0 bar=0 other=0 mobile=0 showBar=0 showBarNTP=1
2026-09-13 18:11:39.178: [INFO] CurrentProfilePath: D:\cdac\AdJava\.metadata\.plugins\org.eclipse.swt\EBWebView\Default
2026-09-13 18:11:39.178: [INFO] Profiles total count: 1
2026-09-13 18:11:39.178: [INFO] Profile: name=Profile 1 path=D:\cdac\AdJava\.metadata\.plugins\org.eclipse.swt\EBWebView\Default lastActive=2026-09-13T18:04:28.604Z
2026-09-13 18:11:39.178: [INFO] LastUsedProfileDir: D:\cdac\AdJava\.metadata\.plugins\org.eclipse.swt\EBWebView\Default
2026-09-13 18:11:39.178: [INFO] MostRecentlyActiveProfile: name=Profile 1 path=D:\cdac\AdJava\.metadata\.plugins\org.eclipse.swt\EBWebView\Default lastActive=2026-09-13T18:04:28.604Z
2026-09-13 18:11:39.178: [INFO] OnDoneLoading sync enabled: 0
2026-09-13 18:11:39.178: [INFO] BookmarkModelLoaded, ids_reassigned: 0
2026-09-13 18:11:39.178: [INFO] BookmarksLoadDropped droppedNodes=0
2026-09-13 18:11:39.178: [INFO] BookmarksSnapshot Startup total=0 bar=0 other=0 mobile=0 showBar=0 showBarNTP=1
2026-09-13 18:12:43.549: [INFO] BookmarksSnapshot Shutdown total=0 bar=0 other=0 mobile=0 showBar=0 showBarNTP=1
2026-09-13 18:12:43.649: [INFO] CurrentProfilePath: D:\cdac\AdJava\.metadata\.plugins\org.eclipse.swt\EBWebView\Default
2026-09-13 18:12:43.649: [INFO] Profiles total count: 1
2026-09-13 18:12:43.649: [INFO] Profile: name=Profile 1 path=D:\cdac\AdJava\.metadata\.plugins\org.eclipse.swt\EBWebView\Default lastActive=2026-09-13T18:04:28.604Z
2026-09-13 18:12:43.649: [INFO] LastUsedProfileDir: D:\cdac\AdJava\.metadata\.plugins\org.eclipse.swt\EBWebView\Default
2026-09-13 18:12:43.649: [INFO] MostRecentlyActiveProfile: name=Profile 1 path=D:\cdac\AdJava\.metadata\.plugins\org.eclipse.swt\EBWebView\Default lastActive=2026-09-13T18:04:28.604Z
2026-09-13 18:12:43.649: [INFO] OnDoneLoading sync enabled: 0
2026-09-13 18:12:43.649: [INFO] BookmarkModelLoaded, ids_reassigned: 0
2026-09-13 18:12:43.649: [INFO] BookmarksLoadDropped droppedNodes=0
2026-09-13 18:12:43.649: [INFO] BookmarksSnapshot Startup total=0 bar=0 other=0 mobile=0 showBar=0 showBarNTP=1
2026-09-13 18:12:49.541: [INFO] BookmarksSnapshot Shutdown total=0 bar=0 other=0 mobile=0 showBar=0 showBarNTP=1
2026-09-13 18:20:16.921: [INFO] CurrentProfilePath: D:\cdac\AdJava\.metadata\.plugins\org.eclipse.swt\EBWebView\Default
2026-09-13 18:20:16.921: [INFO] Profiles total count: 1
2026-09-13 18:20:16.921: [INFO] Profile: name=Profile 1 path=D:\cdac\AdJava\.metadata\.plugins\org.eclipse.swt\EBWebView\Default lastActive=2026-09-13T18:04:28.604Z
2026-09-13 18:20:16.921: [INFO] LastUsedProfileDir: D:\cdac\AdJava\.metadata\.plugins\org.eclipse.swt\EBWebView\Default
2026-09-13 18:20:16.921: [INFO] MostRecentlyActiveProfile: name=Profile 1 path=D:\cdac\AdJava\.metadata\.plugins\org.eclipse.swt\EBWebView\Default lastActive=2026-09-13T18:04:28.604Z
2026-09-13 18:20:16.921: [INFO] OnDoneLoading sync enabled: 0
2026-09-13 18:20:16.921: [INFO] BookmarkModelLoaded, ids_reassigned: 0
2026-09-13 18:20:16.921: [INFO] BookmarksLoadDropped droppedNodes=0
2026-09-13 18:20:16.921: [INFO] BookmarksSnapshot Startup total=0 bar=0 other=0 mobile=0 showBar=0 showBarNTP=1
2026-09-13 18:21:33.415: [INFO] BookmarksSnapshot Shutdown total=0 bar=0 other=0 mobile=0 showBar=0 showBarNTP=1
2026-09-13 18:24:11.660: [INFO] CurrentProfilePath: D:\cdac\AdJava\.metadata\.plugins\org.eclipse.swt\EBWebView\Default
2026-09-13 18:24:11.660: [INFO] Profiles total count: 1
2026-09-13 18:24:11.660: [INFO] Profile: name=Profile 1 path=D:\cdac\AdJava\.metadata\.plugins\org.eclipse.swt\EBWebView\Default lastActive=2026-09-13T18:04:28.604Z
2026-09-13 18:24:11.660: [INFO] LastUsedProfileDir: D:\cdac\AdJava\.metadata\.plugins\org.eclipse.swt\EBWebView\Default
2026-09-13 18:24:11.660: [INFO] MostRecentlyActiveProfile: name=Profile 1 path=D:\cdac\AdJava\.metadata\.plugins\org.eclipse.swt\EBWebView\Default lastActive=2026-09-13T18:04:28.604Z
2026-09-13 18:24:11.660: [INFO] OnDoneLoading sync enabled: 0
2026-09-13 18:24:11.660: [INFO] BookmarkModelLoaded, ids_reassigned: 0
2026-09-13 18:24:11.660: [INFO] BookmarksLoadDropped droppedNodes=0
2026-09-13 18:24:11.660: [INFO] BookmarksSnapshot Startup total=0 bar=0 other=0 mobile=0 showBar=0 showBarNTP=1
2026-09-14 10:41:50.752: [INFO] BookmarksSnapshot Shutdown total=0 bar=0 other=0 mobile=0 showBar=0 showBarNTP=1
2026-09-14 10:48:08.325: [INFO] CurrentProfilePath: D:\cdac\AdJava\.metadata\.plugins\org.eclipse.swt\EBWebView\Default
2026-09-14 10:48:08.325: [INFO] Profiles total count: 1
2026-09-14 10:48:08.325: [INFO] Profile: name=Profile 1 path=D:\cdac\AdJava\.metadata\.plugins\org.eclipse.swt\EBWebView\Default lastActive=2026-09-13T18:04:28.604Z
2026-09-14 10:48:08.325: [INFO] LastUsedProfileDir: D:\cdac\AdJava\.metadata\.plugins\org.eclipse.swt\EBWebView\Default
2026-09-14 10:48:08.325: [INFO] MostRecentlyActiveProfile: name=Profile 1 path=D:\cdac\AdJava\.metadata\.plugins\org.eclipse.swt\EBWebView\Default lastActive=2026-09-13T18:04:28.604Z
2026-09-14 10:48:08.325: [INFO] OnDoneLoading sync enabled: 0
2026-09-14 10:48:08.325: [INFO] BookmarkModelLoaded, ids_reassigned: 0
2026-09-14 10:48:08.325: [INFO] BookmarksLoadDropped droppedNodes=0
2026-09-14 10:48:08.325: [INFO] BookmarksSnapshot Startup total=0 bar=0 other=0 mobile=0 showBar=0 showBarNTP=1
2026-09-14 10:49:27.900: [INFO] BookmarksSnapshot Shutdown total=0 bar=0 other=0 mobile=0 showBar=0 showBarNTP=1
2026-09-14 10:52:20.412: [INFO] CurrentProfilePath: D:\cdac\AdJava\.metadata\.plugins\org.eclipse.swt\EBWebView\Default
2026-09-14 10:52:20.412: [INFO] Profiles total count: 1
2026-09-14 10:52:20.412: [INFO] Profile: name=Profile 1 path=D:\cdac\AdJava\.metadata\.plugins\org.eclipse.swt\EBWebView\Default lastActive=2026-09-13T18:04:28.604Z
2026-09-14 10:52:20.412: [INFO] LastUsedProfileDir: D:\cdac\AdJava\.metadata\.plugins\org.eclipse.swt\EBWebView\Default
2026-09-14 10:52:20.412: [INFO] MostRecentlyActiveProfile: name=Profile 1 path=D:\cdac\AdJava\.metadata\.plugins\org.eclipse.swt\EBWebView\Default lastActive=2026-09-13T18:04:28.604Z
2026-09-14 10:52:20.412: [INFO] OnDoneLoading sync enabled: 0
2026-09-14 10:52:20.412: [INFO] BookmarkModelLoaded, ids_reassigned: 0
2026-09-14 10:52:20.412: [INFO] BookmarksLoadDropped droppedNodes=0
2026-09-14 10:52:20.412: [INFO] BookmarksSnapshot Startup total=0 bar=0 other=0 mobile=0 showBar=0 showBarNTP=1
2026-09-14 10:52:44.374: [INFO] BookmarksSnapshot Shutdown total=0 bar=0 other=0 mobile=0 showBar=0 showBarNTP=1
2026-09-14 10:54:26.775: [INFO] CurrentProfilePath: D:\cdac\AdJava\.metadata\.plugins\org.eclipse.swt\EBWebView\Default
2026-09-14 10:54:26.775: [INFO] Profiles total count: 1
2026-09-14 10:54:26.775: [INFO] Profile: name=Profile 1 path=D:\cdac\AdJava\.metadata\.plugins\org.eclipse.swt\EBWebView\Default lastActive=2026-09-13T18:04:28.604Z
2026-09-14 10:54:26.775: [INFO] LastUsedProfileDir: D:\cdac\AdJava\.metadata\.plugins\org.eclipse.swt\EBWebView\Default
2026-09-14 10:54:26.775: [INFO] MostRecentlyActiveProfile: name=Profile 1 path=D:\cdac\AdJava\.metadata\.plugins\org.eclipse.swt\EBWebView\Default lastActive=2026-09-13T18:04:28.604Z
2026-09-14 10:54:26.775: [INFO] OnDoneLoading sync enabled: 0
2026-09-14 10:54:26.775: [INFO] BookmarkModelLoaded, ids_reassigned: 0
2026-09-14 10:54:26.775: [INFO] BookmarksLoadDropped droppedNodes=0
2026-09-14 10:54:26.775: [INFO] BookmarksSnapshot Startup total=0 bar=0 other=0 mobile=0 showBar=0 showBarNTP=1
2026-09-14 10:54:47.259: [INFO] BookmarksSnapshot Shutdown total=0 bar=0 other=0 mobile=0 showBar=0 showBarNTP=1
2026-09-14 10:56:05.901: [INFO] CurrentProfilePath: D:\cdac\AdJava\.metadata\.plugins\org.eclipse.swt\EBWebView\Default
2026-09-14 10:56:05.901: [INFO] Profiles total count: 1
2026-09-14 10:56:05.901: [INFO] Profile: name=Profile 1 path=D:\cdac\AdJava\.metadata\.plugins\org.eclipse.swt\EBWebView\Default lastActive=2026-09-13T18:04:28.604Z
2026-09-14 10:56:05.901: [INFO] LastUsedProfileDir: D:\cdac\AdJava\.metadata\.plugins\org.eclipse.swt\EBWebView\Default
2026-09-14 10:56:05.901: [INFO] MostRecentlyActiveProfile: name=Profile 1 path=D:\cdac\AdJava\.metadata\.plugins\org.eclipse.swt\EBWebView\Default lastActive=2026-09-13T18:04:28.604Z
2026-09-14 10:56:05.901: [INFO] OnDoneLoading sync enabled: 0
2026-09-14 10:56:05.901: [INFO] BookmarkModelLoaded, ids_reassigned: 0
2026-09-14 10:56:05.901: [INFO] BookmarksLoadDropped droppedNodes=0
2026-09-14 10:56:05.901: [INFO] BookmarksSnapshot Startup total=0 bar=0 other=0 mobile=0 showBar=0 showBarNTP=1
2026-09-14 10:56:12.688: [INFO] BookmarksSnapshot Shutdown total=0 bar=0 other=0 mobile=0 showBar=0 showBarNTP=1
2026-09-14 10:58:38.687: [INFO] CurrentProfilePath: D:\cdac\AdJava\.metadata\.plugins\org.eclipse.swt\EBWebView\Default
2026-09-14 10:58:38.687: [INFO] Profiles total count: 1
2026-09-14 10:58:38.687: [INFO] Profile: name=Profile 1 path=D:\cdac\AdJava\.metadata\.plugins\org.eclipse.swt\EBWebView\Default lastActive=2026-09-13T18:04:28.604Z
2026-09-14 10:58:38.687: [INFO] LastUsedProfileDir: D:\cdac\AdJava\.metadata\.plugins\org.eclipse.swt\EBWebView\Default
2026-09-14 10:58:38.687: [INFO] MostRecentlyActiveProfile: name=Profile 1 path=D:\cdac\AdJava\.metadata\.plugins\org.eclipse.swt\EBWebView\Default lastActive=2026-09-13T18:04:28.604Z
2026-09-14 10:58:38.687: [INFO] OnDoneLoading sync enabled: 0
2026-09-14 10:58:38.687: [INFO] BookmarkModelLoaded, ids_reassigned: 0
2026-09-14 10:58:38.687: [INFO] BookmarksLoadDropped droppedNodes=0
2026-09-14 10:58:38.687: [INFO] BookmarksSnapshot Startup total=0 bar=0 other=0 mobile=0 showBar=0 showBarNTP=1
2026-09-14 10:59:10.124: [INFO] BookmarksSnapshot Shutdown total=0 bar=0 other=0 mobile=0 showBar=0 showBarNTP=1
2026-09-14 10:59:41.545: [INFO] CurrentProfilePath: D:\cdac\AdJava\.metadata\.plugins\org.eclipse.swt\EBWebView\Default
2026-09-14 10:59:41.545: [INFO] Profiles total count: 1
2026-09-14 10:59:41.545: [INFO] Profile: name=Profile 1 path=D:\cdac\AdJava\.metadata\.plugins\org.eclipse.swt\EBWebView\Default lastActive=2026-09-13T18:04:28.604Z
2026-09-14 10:59:41.545: [INFO] LastUsedProfileDir: D:\cdac\AdJava\.metadata\.plugins\org.eclipse.swt\EBWebView\Default
2026-09-14 10:59:41.545: [INFO] MostRecentlyActiveProfile: name=Profile 1 path=D:\cdac\AdJava\.metadata\.plugins\org.eclipse.swt\EBWebView\Default lastActive=2026-09-13T18:04:28.604Z
2026-09-14 10:59:41.545: [INFO] OnDoneLoading sync enabled: 0
2026-09-14 10:59:41.545: [INFO] BookmarkModelLoaded, ids_reassigned: 0
2026-09-14 10:59:41.545: [INFO] BookmarksLoadDropped droppedNodes=0
2026-09-14 10:59:41.545: [INFO] BookmarksSnapshot Startup total=0 bar=0 other=0 mobile=0 showBar=0 showBarNTP=1
2026-09-14 11:31:41.980: [INFO] BookmarksSnapshot Shutdown total=0 bar=0 other=0 mobile=0 showBar=0 showBarNTP=1
2026-09-14 12:08:57.954: [INFO] CurrentProfilePath: D:\cdac\AdJava\.metadata\.plugins\org.eclipse.swt\EBWebView\Default
2026-09-14 12:08:57.954: [INFO] Profiles total count: 1
2026-09-14 12:08:57.954: [INFO] Profile: name=Profile 1 path=D:\cdac\AdJava\.metadata\.plugins\org.eclipse.swt\EBWebView\Default lastActive=2026-09-13T18:04:28.604Z
2026-09-14 12:08:57.954: [INFO] LastUsedProfileDir: D:\cdac\AdJava\.metadata\.plugins\org.eclipse.swt\EBWebView\Default
2026-09-14 12:08:57.954: [INFO] MostRecentlyActiveProfile: name=Profile 1 path=D:\cdac\AdJava\.metadata\.plugins\org.eclipse.swt\EBWebView\Default lastActive=2026-09-13T18:04:28.604Z
2026-09-14 12:08:57.954: [INFO] OnDoneLoading sync enabled: 0
2026-09-14 12:08:57.954: [INFO] BookmarkModelLoaded, ids_reassigned: 0
2026-09-14 12:08:57.954: [INFO] BookmarksLoadDropped droppedNodes=0
2026-09-14 12:08:57.954: [INFO] BookmarksSnapshot Startup total=0 bar=0 other=0 mobile=0 showBar=0 showBarNTP=1
2026-09-14 12:09:31.240: [INFO] BookmarksSnapshot Shutdown total=0 bar=0 other=0 mobile=0 showBar=0 showBarNTP=1
2026-09-14 12:10:03.398: [INFO] CurrentProfilePath: D:\cdac\AdJava\.metadata\.plugins\org.eclipse.swt\EBWebView\Default
2026-09-14 12:10:03.398: [INFO] Profiles total count: 1
2026-09-14 12:10:03.398: [INFO] Profile: name=Profile 1 path=D:\cdac\AdJava\.metadata\.plugins\org.eclipse.swt\EBWebView\Default lastActive=2026-09-13T18:04:28.604Z
2026-09-14 12:10:03.398: [INFO] LastUsedProfileDir: D:\cdac\AdJava\.metadata\.plugins\org.eclipse.swt\EBWebView\Default
2026-09-14 12:10:03.399: [INFO] MostRecentlyActiveProfile: name=Profile 1 path=D:\cdac\AdJava\.metadata\.plugins\org.eclipse.swt\EBWebView\Default lastActive=2026-09-13T18:04:28.604Z
2026-09-14 12:10:03.399: [INFO] OnDoneLoading sync enabled: 0
2026-09-14 12:10:03.399: [INFO] BookmarkModelLoaded, ids_reassigned: 0
2026-09-14 12:10:03.399: [INFO] BookmarksLoadDropped droppedNodes=0
2026-09-14 12:10:03.399: [INFO] BookmarksSnapshot Startup total=0 bar=0 other=0 mobile=0 showBar=0 showBarNTP=1
2026-09-14 12:10:16.708: [INFO] BookmarksSnapshot Shutdown total=0 bar=0 other=0 mobile=0 showBar=0 showBarNTP=1
2026-09-14 12:10:26.583: [INFO] CurrentProfilePath: D:\cdac\AdJava\.metadata\.plugins\org.eclipse.swt\EBWebView\Default
2026-09-14 12:10:26.583: [INFO] Profiles total count: 1
2026-09-14 12:10:26.583: [INFO] Profile: name=Profile 1 path=D:\cdac\AdJava\.metadata\.plugins\org.eclipse.swt\EBWebView\Default lastActive=2026-09-13T18:04:28.604Z
2026-09-14 12:10:26.583: [INFO] LastUsedProfileDir: D:\cdac\AdJava\.metadata\.plugins\org.eclipse.swt\EBWebView\Default
2026-09-14 12:10:26.583: [INFO] MostRecentlyActiveProfile: name=Profile 1 path=D:\cdac\AdJava\.metadata\.plugins\org.eclipse.swt\EBWebView\Default lastActive=2026-09-13T18:04:28.604Z
2026-09-14 12:10:26.583: [INFO] OnDoneLoading sync enabled: 0
2026-09-14 12:10:26.583: [INFO] BookmarkModelLoaded, ids_reassigned: 0
2026-09-14 12:10:26.583: [INFO] BookmarksLoadDropped droppedNodes=0
2026-09-14 12:10:26.583: [INFO] BookmarksSnapshot Startup total=0 bar=0 other=0 mobile=0 showBar=0 showBarNTP=1
2026-09-14 12:10:51.557: [INFO] BookmarksSnapshot Shutdown total=0 bar=0 other=0 mobile=0 showBar=0 showBarNTP=1
2026-09-14 12:14:20.612: [INFO] CurrentProfilePath: D:\cdac\AdJava\.metadata\.plugins\org.eclipse.swt\EBWebView\Default
2026-09-14 12:14:20.612: [INFO] Profiles total count: 1
2026-09-14 12:14:20.612: [INFO] Profile: name=Profile 1 path=D:\cdac\AdJava\.metadata\.plugins\org.eclipse.swt\EBWebView\Default lastActive=2026-09-13T18:04:28.604Z
2026-09-14 12:14:20.612: [INFO] LastUsedProfileDir: D:\cdac\AdJava\.metadata\.plugins\org.eclipse.swt\EBWebView\Default
2026-09-14 12:14:20.612: [INFO] MostRecentlyActiveProfile: name=Profile 1 path=D:\cdac\AdJava\.metadata\.plugins\org.eclipse.swt\EBWebView\Default lastActive=2026-09-13T18:04:28.604Z
2026-09-14 12:14:20.612: [INFO] OnDoneLoading sync enabled: 0
2026-09-14 12:14:20.612: [INFO] BookmarkModelLoaded, ids_reassigned: 0
2026-09-14 12:14:20.612: [INFO] BookmarksLoadDropped droppedNodes=0
2026-09-14 12:14:20.612: [INFO] BookmarksSnapshot Startup total=0 bar=0 other=0 mobile=0 showBar=0 showBarNTP=1
2026-09-14 16:52:44.971: [INFO] BookmarksSnapshot Shutdown total=0 bar=0 other=0 mobile=0 showBar=0 showBarNTP=1
